
============================================================
2026-03-04 07:04:28.240593
Traceback (most recent call last):
  File "G:\DASTUR\URIT 50\monoblok_dastur.py", line 2889, in generate_unified_blank
    doc.save(output_path)
    ~~~~~~~~^^^^^^^^^^^^^
  File "C:\Users\User\AppData\Local\Programs\Python\Python313\Lib\site-packages\docx\document.py", line 204, in save
    self._part.save(path_or_stream)
    ~~~~~~~~~~~~~~~^^^^^^^^^^^^^^^^
  File "C:\Users\User\AppData\Local\Programs\Python\Python313\Lib\site-packages\docx\parts\document.py", line 114, in save
    self.package.save(path_or_stream)
    ~~~~~~~~~~~~~~~~~^^^^^^^^^^^^^^^^
  File "C:\Users\User\AppData\Local\Programs\Python\Python313\Lib\site-packages\docx\opc\package.py", line 166, in save
    PackageWriter.write(pkg_file, self.rels, self.parts)
    ~~~~~~~~~~~~~~~~~~~^^^^^^^^^^^^^^^^^^^^^^^^^^^^^^^^^
  File "C:\Users\User\AppData\Local\Programs\Python\Python313\Lib\site-packages\docx\opc\pkgwriter.py", line 34, in write
    phys_writer = PhysPkgWriter(pkg_file)
  File "C:\Users\User\AppData\Local\Programs\Python\Python313\Lib\site-packages\docx\opc\phys_pkg.py", line 109, in __init__
    self._zipf = ZipFile(pkg_file, "w", compression=ZIP_DEFLATED)
                 ~~~~~~~^^^^^^^^^^^^^^^^^^^^^^^^^^^^^^^^^^^^^^^^^
  File "C:\Users\User\AppData\Local\Programs\Python\Python313\Lib\zipfile\__init__.py", line 1367, in __init__
    self.fp = io.open(file, filemode)
              ~~~~~~~^^^^^^^^^^^^^^^^
PermissionError: [Errno 13] Permission denied: "G:\\Қилинган анализлар\\04.03.2026\\260303001250 Ximmatov Uyg'un.docx"

